###############################################################################
#
# IAR ELF Linker V8.40.2.214/W32 for ARM                  29/Oct/2019  20:03:22
# Copyright 2007-2019 IAR Systems AB.
#
#    Output file  =
#        C:\Users\lilwiz\Documents\embedded projects\assignment 1 seven
#        segments\Debug\Exe\seven segments.out
#    Map file     =
#        C:\Users\lilwiz\Documents\embedded projects\assignment 1 seven
#        segments\Debug\List\seven segments.map
#    Command line =
#        -f C:\Users\lilwiz\AppData\Local\Temp\EW4FB2.tmp
#        ("C:\Users\lilwiz\Documents\embedded projects\assignment 1 seven
#        segments\Debug\Obj\Fsm.o" "C:\Users\lilwiz\Documents\embedded
#        projects\assignment 1 seven segments\Debug\Obj\main.o"
#        "C:\Users\lilwiz\Documents\embedded projects\assignment 1 seven
#        segments\Debug\Obj\Port_INIT.o" "C:\Users\lilwiz\Documents\embedded
#        projects\assignment 1 seven segments\Debug\Obj\Systick_Timer.o"
#        --no_out_extension -o "C:\Users\lilwiz\Documents\embedded
#        projects\assignment 1 seven segments\Debug\Exe\seven segments.out"
#        --redirect _Printf=_PrintfFullNoMb --redirect _Scanf=_ScanfFullNoMb
#        --map "C:\Users\lilwiz\Documents\embedded projects\assignment 1 seven
#        segments\Debug\List\seven segments.map" --config "C:\Program Files
#        (x86)\IAR Systems\Embedded Workbench
#        8.3\arm\config\linker\TexasInstruments\TM4C123GH6.icf" --semihosting
#        --entry __iar_program_start --vfe --text_out locale)
#
###############################################################################

*******************************************************************************
*** RUNTIME MODEL ATTRIBUTES
***

CppFlavor       = *
__SystemLibrary = DLib
__dlib_version  = 6


*******************************************************************************
*** HEAP SELECTION
***

The basic heap was selected because some modules are built with
size limitations (and not runtime checking), and --advanced_heap
was not specified.


*******************************************************************************
*** PLACEMENT SUMMARY
***

"A0":  place at address 0x0 { ro section .intvec };
"P1":  place in [from 0x0 to 0x3'ffff] { ro };
define block CSTACK with size = 4K, alignment = 8 { };
define block HEAP with size = 8K, alignment = 8 { };
"P2":  place in [from 0x2000'0000 to 0x2000'7fff] {
          rw, block CSTACK, block HEAP };

No sections matched the following patterns:

  rw  in "P2"


  Section   Kind         Address    Size  Object
  -------   ----         -------    ----  ------
"A0":                               0x40
  .intvec   ro code          0x0    0x40  vector_table_M.o [4]
                          - 0x40    0x40

"P1":                              0x290
  .text     ro code         0x40   0x150  Port_INIT.o [1]
  .text     ro code        0x190    0xa8  main.o [1]
  .text     ro code        0x238    0x10  Systick_Timer.o [1]
  .text     ro code        0x248    0x22  fpinit_M.o [3]
  .text     ro code        0x26a     0x2  vector_table_M.o [4]
  .text     ro code        0x26c    0x1e  cmain.o [4]
  .text     ro code        0x28a     0x4  low_level_init.o [2]
  .text     ro code        0x28e     0x4  exit.o [2]
  .text     ro code        0x294     0xa  cexit.o [4]
  .text     ro code        0x2a0    0x14  exit.o [5]
  .rodata   const          0x2b4    0x10  main.o [1]
  .text     ro code        0x2c4     0xc  cstartup_M.o [4]
                         - 0x2d0   0x290

"P2":                             0x1000
  CSTACK             0x2000'0000  0x1000  <Block>
    CSTACK  uninit   0x2000'0000  0x1000  <Block tail>
                   - 0x2000'1000  0x1000

Unused ranges:

         From           To      Size
         ----           --      ----
        0x2d0     0x3'ffff  0x3'fd30
  0x2000'1000  0x2000'7fff    0x7000



*******************************************************************************
*** MODULE SUMMARY
***

    Module            ro code  ro data  rw data
    ------            -------  -------  -------
command line/config:
    -------------------------------------------
    Total:

C:\Users\lilwiz\Documents\embedded projects\assignment 1 seven segments\Debug\Obj: [1]
    Port_INIT.o           336
    Systick_Timer.o        16
    main.o                168       16
    -------------------------------------------
    Total:                520       16

dl7M_tln.a: [2]
    exit.o                  4
    low_level_init.o        4
    -------------------------------------------
    Total:                  8

m7M_tls.a: [3]
    fpinit_M.o             34
    -------------------------------------------
    Total:                 34

rt7M_tl.a: [4]
    cexit.o                10
    cmain.o                30
    cstartup_M.o           12
    vector_table_M.o       66
    -------------------------------------------
    Total:                118

shb_l.a: [5]
    exit.o                 20
    -------------------------------------------
    Total:                 20

    Gaps                    4
    Linker created                        4'096
-----------------------------------------------
    Grand Total:          704       16    4'096


*******************************************************************************
*** ENTRY LIST
***

Entry                     Address  Size  Type      Object
-----                     -------  ----  ----      ------
?main                       0x26d        Code  Gb  cmain.o [4]
CSTACK$$Base          0x2000'0000         --   Gb  - Linker created -
CSTACK$$Limit         0x2000'1000         --   Gb  - Linker created -
Configure_SysTick           0x239   0xc  Code  Gb  Systick_Timer.o [1]
PORTA_init                   0xb3  0x3a  Code  Gb  Port_INIT.o [1]
PORTB_init                   0x41  0x30  Code  Gb  Port_INIT.o [1]
PORTE_init                   0xed  0x44  Code  Gb  Port_INIT.o [1]
PORTF_init                   0x71  0x42  Code  Gb  Port_INIT.o [1]
Region$$Table$$Base           0x0         --   Gb  - Linker created -
Region$$Table$$Limit          0x0         --   Gb  - Linker created -
__cmain                     0x26d        Code  Gb  cmain.o [4]
__exit                      0x2a1  0x14  Code  Gb  exit.o [5]
__iar_init_vfp              0x249        Code  Gb  fpinit_M.o [3]
__iar_program_start         0x2c5        Code  Gb  cstartup_M.o [4]
__low_level_init            0x28b   0x4  Code  Gb  low_level_init.o [2]
__vector_table                0x0        Data  Gb  vector_table_M.o [4]
_call_main                  0x279        Code  Gb  cmain.o [4]
_exit                       0x295        Code  Gb  cexit.o [4]
_main                       0x287        Code  Gb  cmain.o [4]
execute                     0x1cb  0x5e  Code  Gb  main.o [1]
exit                        0x28f   0x4  Code  Gb  exit.o [2]
keymap                      0x2b4  0x10  Data  Gb  main.o [1]
main                        0x191  0x3a  Code  Gb  main.o [1]


[1] = C:\Users\lilwiz\Documents\embedded projects\assignment 1 seven segments\Debug\Obj
[2] = dl7M_tln.a
[3] = m7M_tls.a
[4] = rt7M_tl.a
[5] = shb_l.a

    704 bytes of readonly  code memory
     16 bytes of readonly  data memory
  4'096 bytes of readwrite data memory

Errors: none
Warnings: none
