###############################################################################
#
# IAR ELF Linker V8.40.2.214/W32 for ARM                  06/Nov/2019  13:47:56
# Copyright 2007-2019 IAR Systems AB.
#
#    Output file  =
#        C:\Users\lilwiz\Documents\embedded projects\assignment 1 seven
#        segments\Debug\Exe\seven segments.out
#    Map file     =
#        C:\Users\lilwiz\Documents\embedded projects\assignment 1 seven
#        segments\Debug\List\seven segments.map
#    Command line =
#        -f C:\Users\lilwiz\AppData\Local\Temp\EW99A9.tmp
#        ("C:\Users\lilwiz\Documents\embedded projects\assignment 1 seven
#        segments\Debug\Obj\Fsm.o" "C:\Users\lilwiz\Documents\embedded
#        projects\assignment 1 seven segments\Debug\Obj\Keypad.o"
#        "C:\Users\lilwiz\Documents\embedded projects\assignment 1 seven
#        segments\Debug\Obj\main.o" "C:\Users\lilwiz\Documents\embedded
#        projects\assignment 1 seven segments\Debug\Obj\Port_INIT.o"
#        "C:\Users\lilwiz\Documents\embedded projects\assignment 1 seven
#        segments\Debug\Obj\Systick_Timer.o" --no_out_extension -o
#        "C:\Users\lilwiz\Documents\embedded projects\assignment 1 seven
#        segments\Debug\Exe\seven segments.out" --redirect
#        _Printf=_PrintfFullNoMb --redirect _Scanf=_ScanfFullNoMb --map
#        "C:\Users\lilwiz\Documents\embedded projects\assignment 1 seven
#        segments\Debug\List\seven segments.map" --config "C:\Program Files
#        (x86)\IAR Systems\Embedded Workbench
#        8.3\arm\config\linker\TexasInstruments\TM4C123GH6.icf" --semihosting
#        --entry __iar_program_start --vfe --text_out locale)
#
###############################################################################

*******************************************************************************
*** RUNTIME MODEL ATTRIBUTES
***

CppFlavor       = *
__SystemLibrary = DLib
__dlib_version  = 6


*******************************************************************************
*** HEAP SELECTION
***

The basic heap was selected because some modules are built with
size limitations (and not runtime checking), and --advanced_heap
was not specified.


*******************************************************************************
*** PLACEMENT SUMMARY
***

"A0":  place at address 0x0 { ro section .intvec };
"P1":  place in [from 0x0 to 0x3'ffff] { ro };
define block CSTACK with size = 4K, alignment = 8 { };
define block HEAP with size = 8K, alignment = 8 { };
"P2":  place in [from 0x2000'0000 to 0x2000'7fff] {
          rw, block CSTACK, block HEAP };

No sections matched the following patterns:

  rw  in "P2"


  Section   Kind         Address    Size  Object
  -------   ----         -------    ----  ------
"A0":                               0x40
  .intvec   ro code          0x0    0x40  vector_table_M.o [4]
                          - 0x40    0x40

"P1":                              0x2dc
  .text     ro code         0x40   0x114  Keypad.o [1]
  .text     ro code        0x154    0xf8  Port_INIT.o [1]
  .text     ro code        0x24c    0x48  main.o [1]
  .text     ro code        0x294    0x22  fpinit_M.o [3]
  .text     ro code        0x2b6     0x2  vector_table_M.o [4]
  .text     ro code        0x2b8    0x1e  cmain.o [4]
  .text     ro code        0x2d6     0x4  low_level_init.o [2]
  .text     ro code        0x2da     0x4  exit.o [2]
  .text     ro code        0x2e0     0xa  cexit.o [4]
  .text     ro code        0x2ec    0x14  exit.o [5]
  .rodata   const          0x300    0x10  Keypad.o [1]
  .text     ro code        0x310     0xc  cstartup_M.o [4]
                         - 0x31c   0x2dc

"P2":                             0x1000
  CSTACK             0x2000'0000  0x1000  <Block>
    CSTACK  uninit   0x2000'0000  0x1000  <Block tail>
                   - 0x2000'1000  0x1000

Unused ranges:

         From           To      Size
         ----           --      ----
        0x31c     0x3'ffff  0x3'fce4
  0x2000'1000  0x2000'7fff    0x7000



*******************************************************************************
*** MODULE SUMMARY
***

    Module            ro code  ro data  rw data
    ------            -------  -------  -------
command line/config:
    -------------------------------------------
    Total:

C:\Users\lilwiz\Documents\embedded projects\assignment 1 seven segments\Debug\Obj: [1]
    Keypad.o              276       16
    Port_INIT.o           248
    main.o                 72
    -------------------------------------------
    Total:                596       16

dl7M_tln.a: [2]
    exit.o                  4
    low_level_init.o        4
    -------------------------------------------
    Total:                  8

m7M_tls.a: [3]
    fpinit_M.o             34
    -------------------------------------------
    Total:                 34

rt7M_tl.a: [4]
    cexit.o                10
    cmain.o                30
    cstartup_M.o           12
    vector_table_M.o       66
    -------------------------------------------
    Total:                118

shb_l.a: [5]
    exit.o                 20
    -------------------------------------------
    Total:                 20

    Gaps                    4
    Linker created                        4'096
-----------------------------------------------
    Grand Total:          780       16    4'096


*******************************************************************************
*** ENTRY LIST
***

Entry                     Address  Size  Type      Object
-----                     -------  ----  ----      ------
?main                       0x2b9        Code  Gb  cmain.o [4]
AnyPressed                   0x41   0xc  Code  Gb  Keypad.o [1]
CSTACK$$Base          0x2000'0000         --   Gb  - Linker created -
CSTACK$$Limit         0x2000'1000         --   Gb  - Linker created -
PORTA_init                  0x185  0x3a  Code  Gb  Port_INIT.o [1]
PORTB_init                  0x155  0x30  Code  Gb  Port_INIT.o [1]
PORTE_init                  0x1bf  0x44  Code  Gb  Port_INIT.o [1]
Region$$Table$$Base           0x0         --   Gb  - Linker created -
Region$$Table$$Limit          0x0         --   Gb  - Linker created -
__cmain                     0x2b9        Code  Gb  cmain.o [4]
__exit                      0x2ed  0x14  Code  Gb  exit.o [5]
__iar_init_vfp              0x295        Code  Gb  fpinit_M.o [3]
__iar_program_start         0x311        Code  Gb  cstartup_M.o [4]
__low_level_init            0x2d7   0x4  Code  Gb  low_level_init.o [2]
__vector_table                0x0        Data  Gb  vector_table_M.o [4]
_call_main                  0x2c5        Code  Gb  cmain.o [4]
_exit                       0x2e1        Code  Gb  cexit.o [4]
_main                       0x2d3        Code  Gb  cmain.o [4]
charTo7Seg                   0xcd  0x88  Code  Gb  Keypad.o [1]
detectColumn                 0x8b  0x32  Code  Gb  Keypad.o [1]
detectRow                    0x4d  0x3e  Code  Gb  Keypad.o [1]
exit                        0x2db   0x4  Code  Gb  exit.o [2]
keymap                      0x300  0x10  Data  Gb  Keypad.o [1]
main                        0x24d  0x48  Code  Gb  main.o [1]


[1] = C:\Users\lilwiz\Documents\embedded projects\assignment 1 seven segments\Debug\Obj
[2] = dl7M_tln.a
[3] = m7M_tls.a
[4] = rt7M_tl.a
[5] = shb_l.a

    780 bytes of readonly  code memory
     16 bytes of readonly  data memory
  4'096 bytes of readwrite data memory

Errors: none
Warnings: none
